Best Selling Product:
name: Iphone, id: 90, total income: 7800.000
