Best Selling Product:
name: Television, id: 10, total income: 30000.000
