Order 2 Details:
name: Tomato, id: 4, amount: 6.000, price: 53.400
name: Onion, id: 6, amount: 2.000, price: 11.600
name: Television, id: 10, amount: 2.000, price: 4000.000
name: Television, id: 11, amount: 1.000, price: 5000.000
name: Iphone, id: 90, amount: 2.500, price: 13000.000
----------
Total Price: 22065.000
