Best Selling Product:
name: Tomato, id: 4, total income: 10.020
